// Jest Snapshot v1, https://goo.gl/fbAQLP

exports[`Loader should return loader 1`] = `
<p>
  Loading...
</p>
`;
