// Jest Snapshot v1, https://goo.gl/fbAQLP

exports[`Kanban should return plan form 1`] = `"Hello!"`;
